// Jest Snapshot v1, https://goo.gl/fbAQLP

exports[`Header should render  header correctly 1`] = `
<div>
  <span
    className="header"
    data-testid="header"
  >
    Movies Hub 
  </span>
</div>
`;
