// Jest Snapshot v1, https://goo.gl/fbAQLP

exports[`"snapshot" of header component 1`] = `
<div>
  <span
    className="header"
  >
    ðŸŽ¬ Movies Hub ðŸŽ¬
  </span>
</div>
`;
